
> nexus-frontend@0.1.0 build
> next build

   ▲ Next.js 14.1.0

   Creating an optimized production build ...
<w> [webpack.cache.PackFileCacheStrategy] Skipped not serializable cache item 'Compilation/modules|/Users/hemjoshi/erp inventory/frontend/node_modules/next/dist/build/webpack/loaders/css-loader/src/index.js??ruleSet[1].rules[11].oneOf[12].use[2]!/Users/hemjoshi/erp inventory/frontend/node_modules/next/dist/build/webpack/loaders/postcss-loader/src/index.js??ruleSet[1].rules[11].oneOf[12].use[3]!/Users/hemjoshi/erp inventory/frontend/app/globals.css': No serializer registered for PostCSSSyntaxError
<w> while serializing webpack/lib/cache/PackFileCacheStrategy.PackContentItems -> webpack/lib/NormalModule -> webpack/lib/ModuleBuildError -> PostCSSSyntaxError
Failed to compile.

./app/globals.css:48:3
Syntax error: /Users/hemjoshi/erp inventory/frontend/app/globals.css The `drop-shadow-[0_0_5px_rgba(34,` class does not exist. If `drop-shadow-[0_0_5px_rgba(34,` is a custom class, make sure it is defined within a `@layer` directive.

  46 | 
  47 | .neon-text {
> 48 |   @apply text-cyan-400 drop-shadow-[0_0_5px_rgba(34, 211, 238, 0.8)];
     |   ^
  49 | }
  50 |

./app/globals.css
Syntax error: /Users/hemjoshi/erp inventory/frontend/app/globals.css The `drop-shadow-[0_0_5px_rgba(34,` class does not exist. If `drop-shadow-[0_0_5px_rgba(34,` is a custom class, make sure it is defined within a `@layer` directive. (48:3)

  46 | 
  47 | .neon-text {
> 48 |   @apply text-cyan-400 drop-shadow-[0_0_5px_rgba(34, 211, 238, 0.8)];
     |   ^
  49 | }
  50 | 

    at tryRunOrWebpackError (/Users/hemjoshi/erp inventory/frontend/node_modules/next/dist/compiled/webpack/bundle5.js:28:311563)
    at __webpack_require_module__ (/Users/hemjoshi/erp inventory/frontend/node_modules/next/dist/compiled/webpack/bundle5.js:28:131195)
    at __nested_webpack_require_153754__ (/Users/hemjoshi/erp inventory/frontend/node_modules/next/dist/compiled/webpack/bundle5.js:28:130634)
    at /Users/hemjoshi/erp inventory/frontend/node_modules/next/dist/compiled/webpack/bundle5.js:28:131487
    at symbolIterator (/Users/hemjoshi/erp inventory/frontend/node_modules/next/dist/compiled/neo-async/async.js:1:14444)
    at done (/Users/hemjoshi/erp inventory/frontend/node_modules/next/dist/compiled/neo-async/async.js:1:14824)
    at Hook.eval [as callAsync] (eval at create (/Users/hemjoshi/erp inventory/frontend/node_modules/next/dist/compiled/webpack/bundle5.js:13:28867), <anonymous>:15:1)
    at Hook.CALL_ASYNC_DELEGATE [as _callAsync] (/Users/hemjoshi/erp inventory/frontend/node_modules/next/dist/compiled/webpack/bundle5.js:13:26021)
    at /Users/hemjoshi/erp inventory/frontend/node_modules/next/dist/compiled/webpack/bundle5.js:28:130354
    at symbolIterator (/Users/hemjoshi/erp inventory/frontend/node_modules/next/dist/compiled/neo-async/async.js:1:14402)
-- inner error --
Syntax error: /Users/hemjoshi/erp inventory/frontend/app/globals.css The `drop-shadow-[0_0_5px_rgba(34,` class does not exist. If `drop-shadow-[0_0_5px_rgba(34,` is a custom class, make sure it is defined within a `@layer` directive. (48:3)

  46 | 
  47 | .neon-text {
> 48 |   @apply text-cyan-400 drop-shadow-[0_0_5px_rgba(34, 211, 238, 0.8)];
     |   ^
  49 | }
  50 | 

    at Object.<anonymous> (/Users/hemjoshi/erp inventory/frontend/node_modules/next/dist/build/webpack/loaders/css-loader/src/index.js??ruleSet[1].rules[11].oneOf[12].use[2]!/Users/hemjoshi/erp inventory/frontend/node_modules/next/dist/build/webpack/loaders/postcss-loader/src/index.js??ruleSet[1].rules[11].oneOf[12].use[3]!/Users/hemjoshi/erp inventory/frontend/app/globals.css:1:7)
    at /Users/hemjoshi/erp inventory/frontend/node_modules/next/dist/compiled/webpack/bundle5.js:28:915116
    at Hook.eval [as call] (eval at create (/Users/hemjoshi/erp inventory/frontend/node_modules/next/dist/compiled/webpack/bundle5.js:13:28645), <anonymous>:7:1)
    at Hook.CALL_DELEGATE [as _call] (/Users/hemjoshi/erp inventory/frontend/node_modules/next/dist/compiled/webpack/bundle5.js:13:25915)
    at /Users/hemjoshi/erp inventory/frontend/node_modules/next/dist/compiled/webpack/bundle5.js:28:131228
    at tryRunOrWebpackError (/Users/hemjoshi/erp inventory/frontend/node_modules/next/dist/compiled/webpack/bundle5.js:28:311517)
    at __webpack_require_module__ (/Users/hemjoshi/erp inventory/frontend/node_modules/next/dist/compiled/webpack/bundle5.js:28:131195)
    at __nested_webpack_require_153754__ (/Users/hemjoshi/erp inventory/frontend/node_modules/next/dist/compiled/webpack/bundle5.js:28:130634)
    at /Users/hemjoshi/erp inventory/frontend/node_modules/next/dist/compiled/webpack/bundle5.js:28:131487
    at symbolIterator (/Users/hemjoshi/erp inventory/frontend/node_modules/next/dist/compiled/neo-async/async.js:1:14444)

Generated code for /Users/hemjoshi/erp inventory/frontend/node_modules/next/dist/build/webpack/loaders/css-loader/src/index.js??ruleSet[1].rules[11].oneOf[12].use[2]!/Users/hemjoshi/erp inventory/frontend/node_modules/next/dist/build/webpack/loaders/postcss-loader/src/index.js??ruleSet[1].rules[11].oneOf[12].use[3]!/Users/hemjoshi/erp inventory/frontend/app/globals.css

Import trace for requested module:
./app/globals.css


> Build failed because of webpack errors
